---
source: src/cmds/jvm/mvn_cmd.rs
expression: output
---
mvn dependency:list: 519 unique deps
compile (371):
  ch.qos.logback:logback-classic:1.5.34
  ch.qos.logback:logback-core:1.5.34
  com.azure:azure-core-http-netty:1.15.7
  com.azure:azure-core:1.54.1
  com.azure:azure-identity:1.14.2
  com.azure:azure-json:1.3.0
  com.azure:azure-xml:1.1.0
  com.courier:courier-java:3.3.0
  com.esotericsoftware:kryo:5.6.2
  com.esotericsoftware:minlog:1.3.1
  com.esotericsoftware:reflectasm:1.11.9
  com.ethlo.time:itu:1.14.0
  com.example.friendly-id:friendly-id-jackson-datatype:2.0.0-beta1
  com.example.friendly-id:friendly-id-spring-boot-starter:2.0.0-beta1
  com.example.friendly-id:friendly-id-spring-boot:2.0.0-beta1
  com.example.friendly-id:friendly-id:2.0.0-beta1
  com.example:toolkit:1.3-54
  com.fasterxml.jackson.core:jackson-annotations:2.21
  com.fasterxml.jackson.core:jackson-core:2.21.4
  com.fasterxml.jackson.core:jackson-databind:2.21.4
  com.fasterxml.jackson.datatype:jackson-datatype-jdk8:2.21.4
  com.fasterxml.jackson.datatype:jackson-datatype-jsr310:2.21.4
  com.fasterxml:classmate:1.7.3
  com.flipkart.zjsonpatch:zjsonpatch:0.4.16
  com.github.ben-manes.caffeine:caffeine:3.2.4
  com.github.stephenc.jcip:jcip-annotations:1.0-1
  com.github.ulisesbocchio:jasypt-spring-boot-starter:3.0.5
  com.github.ulisesbocchio:jasypt-spring-boot:3.0.5
  com.github.victools:jsonschema-generator:5.0.0
  com.github.victools:jsonschema-module-jackson:5.0.0
  com.github.victools:jsonschema-module-swagger-2:5.0.0
  com.github.vladimir-bukhtoyarov:bucket4j-core:7.6.0
  com.google.api.grpc:proto-google-common-protos:2.70.0
  com.google.api.grpc:proto-google-iam-v1:1.56.1
  com.google.api:api-common:2.53.1
  com.google.api:gax:2.70.1
  com.google.auth:google-auth-library-credentials:1.39.0
  com.google.auth:google-auth-library-oauth2-http:1.39.0
  com.google.auto.value:auto-value-annotations:1.11.0
  com.google.cloud:google-cloud-core:2.60.1
  com.google.cloud:spring-cloud-gcp-autoconfigure:7.3.1
  com.google.cloud:spring-cloud-gcp-core:7.3.1
  com.google.cloud:spring-cloud-gcp-starter:7.3.1
  com.google.code.findbugs:jsr305:3.0.2
  com.google.code.gson:gson:2.13.2
  com.google.errorprone:error_prone_annotations:2.36.0
  com.google.guava:failureaccess:1.0.3
  com.google.guava:guava:33.4.8-jre
  com.google.guava:listenablefuture:9999.0-empty-to-avoid-conflict-with-guava
  com.google.http-client:google-http-client-gson:1.47.1
  com.google.http-client:google-http-client:1.47.1
  com.google.j2objc:j2objc-annotations:3.0.0
  com.google.protobuf:protobuf-java-util:4.29.4
  com.google.protobuf:protobuf-java:4.29.4
  com.knuddels:jtokkit:1.1.0
  com.microsoft.azure:msal4j-persistence-extension:1.3.0
  com.microsoft.azure:msal4j:1.17.2
  com.microsoft.graph:microsoft-graph-core:3.3.1
  com.microsoft.graph:microsoft-graph:6.20.0
  com.microsoft.kiota:microsoft-kiota-abstractions:1.7.0
  com.microsoft.kiota:microsoft-kiota-authentication-azure:1.7.0
  com.networknt:json-schema-validator:3.0.1
  com.nimbusds:content-type:2.3
  com.nimbusds:lang-tag:1.7
  com.nimbusds:nimbus-jose-jwt:10.9
  com.nimbusds:oauth2-oidc-sdk:11.18
  com.openai:openai-java-core:4.39.1
  com.rabbitmq.client:amqp-client:1.1.0
  com.rabbitmq:amqp-client:5.30.0
  com.squareup.okhttp3:logging-interceptor:4.12.0
  com.squareup.okhttp3:okhttp:4.12.0
  com.squareup.okio:okio-jvm:3.6.0
  com.squareup.okio:okio:3.6.0
  com.zaxxer:HikariCP:7.0.2
  commons-beanutils:commons-beanutils:1.11.0
  commons-codec:commons-codec:1.21.0
  commons-collections:commons-collections:3.2.2
  commons-digester:commons-digester:2.1
  commons-fileupload:commons-fileupload:1.6.0
  commons-io:commons-io:2.22.0
  commons-logging:commons-logging:1.3.6
  commons-validator:commons-validator:1.10.0
  io.dropwizard.metrics:metrics-core:4.2.26
  io.dropwizard.metrics:metrics-json:4.2.26
  io.github.openfeign:feign-core:13.6.1
  io.github.openfeign:feign-form-spring:13.6.1
  io.github.openfeign:feign-form:13.6.1
  io.github.openfeign:feign-jackson:13.6.1
  io.github.openfeign:feign-okhttp:13.6.1
  io.github.openfeign:feign-slf4j:13.6.1
  io.github.resilience4j:resilience4j-annotations:2.3.0
  io.github.resilience4j:resilience4j-circuitbreaker:2.3.0
  io.github.resilience4j:resilience4j-consumer:2.3.0
  io.github.resilience4j:resilience4j-core:2.3.0
  io.github.resilience4j:resilience4j-framework-common:2.3.0
  io.github.resilience4j:resilience4j-micrometer:2.3.0
  io.github.resilience4j:resilience4j-ratelimiter:2.3.0
  io.github.resilience4j:resilience4j-retry:2.3.0
  io.github.resilience4j:resilience4j-spring-boot3:2.3.0
  io.github.resilience4j:resilience4j-spring6:2.3.0
  io.github.resilience4j:resilience4j-timelimiter:2.3.0
  io.grpc:grpc-context:1.71.0
  io.gsonfire:gson-fire:1.9.0
  io.kubernetes:client-java-api-fluent:20.0.1
  io.kubernetes:client-java-api:20.0.1
  io.kubernetes:client-java-extended:20.0.1
  io.kubernetes:client-java-proto:20.0.1
  io.kubernetes:client-java:24.0.0
  io.micrometer:context-propagation:1.2.1
  io.micrometer:micrometer-commons:1.17.0
  io.micrometer:micrometer-core:1.17.0
  io.micrometer:micrometer-jakarta9:1.17.0
  io.micrometer:micrometer-observation:1.17.0
  io.micrometer:micrometer-registry-statsd:1.17.0
  io.modelcontextprotocol.sdk:mcp-core:2.0.0
  io.modelcontextprotocol.sdk:mcp-json-jackson3:2.0.0
  io.modelcontextprotocol.sdk:mcp:2.0.0
  io.netty:netty-buffer:4.2.15.Final
  io.netty:netty-codec-base:4.2.15.Final
  io.netty:netty-codec-classes-quic:4.2.15.Final
  io.netty:netty-codec-compression:4.2.15.Final
  io.netty:netty-codec-dns:4.2.15.Final
  io.netty:netty-codec-http2:4.2.15.Final
  io.netty:netty-codec-http3:4.2.15.Final
  io.netty:netty-codec-http:4.2.15.Final
  io.netty:netty-codec-marshalling:4.2.15.Final
  io.netty:netty-codec-protobuf:4.2.15.Final
  io.netty:netty-codec-socks:4.2.15.Final
  io.netty:netty-codec:4.2.15.Final
  io.netty:netty-common:4.2.15.Final
  io.netty:netty-handler-proxy:4.2.15.Final
  io.netty:netty-handler:4.2.15.Final
  io.netty:netty-resolver-dns:4.2.15.Final
  io.netty:netty-resolver:4.2.15.Final
  io.netty:netty-tcnative-boringssl-static:2.0.77.Final
  io.netty:netty-tcnative-classes:2.0.77.Final
  io.netty:netty-transport-native-unix-common:4.2.15.Final
  io.netty:netty-transport:4.2.15.Final
  io.opencensus:opencensus-api:0.31.1
  io.opencensus:opencensus-contrib-http-util:0.31.1
  io.projectreactor.netty:reactor-netty-core:1.3.6
  io.projectreactor.netty:reactor-netty-http:1.3.6
  io.projectreactor:reactor-core:3.8.6
  io.r2dbc:r2dbc-spi:1.0.0.RELEASE
  io.reactivex.rxjava3:rxjava:3.1.12
  io.swagger.core.v3:swagger-annotations-jakarta:2.2.38
  io.swagger.core.v3:swagger-annotations:2.2.31
  io.swagger:swagger-annotations:1.6.13
  io.vavr:vavr-match:0.10.4
  io.vavr:vavr:0.10.4
  jakarta.activation:jakarta.activation-api:2.1.4
  jakarta.annotation:jakarta.annotation-api:3.0.0
  jakarta.persistence:jakarta.persistence-api:3.2.0
  jakarta.servlet:jakarta.servlet-api:6.1.0
  jakarta.transaction:jakarta.transaction-api:2.0.1
  jakarta.validation:jakarta.validation-api:3.1.1
  jakarta.ws.rs:jakarta.ws.rs-api:4.0.0
  jakarta.xml.bind:jakarta.xml.bind-api:4.0.5
  javax.annotation:javax.annotation-api:1.3.2
  javax.cache:cache-api:1.1.1
  joda-time:joda-time:2.12.7
  net.bytebuddy:byte-buddy:1.18.10
  net.java.dev.jna:jna-platform:5.13.0
  net.java.dev.jna:jna:5.13.0
  net.logstash.logback:logstash-logback-encoder:8.0
  net.minidev:accessors-smart:2.6.0
  net.minidev:json-smart:2.6.0
  net.shibboleth:shib-networking:9.2.2
  net.shibboleth:shib-security:9.2.2
  net.shibboleth:shib-support:9.2.2
  net.shibboleth:shib-velocity:9.2.2
  org.antlr:ST4:4.3.4
  org.antlr:antlr-runtime:3.5.3
  org.antlr:antlr4-runtime:4.13.2
  org.apache.commons:commons-collections4:4.5.0
  org.apache.commons:commons-compress:1.28.0
  org.apache.commons:commons-lang3:3.20.0
  org.apache.commons:commons-text:1.15.0
  org.apache.httpcomponents.client5:httpclient5-cache:5.6.1
  org.apache.httpcomponents.client5:httpclient5:5.6.1
  org.apache.httpcomponents.core5:httpcore5-h2:5.4.2
  org.apache.httpcomponents.core5:httpcore5:5.4.2
  org.apache.httpcomponents:httpclient:4.5.13
  org.apache.httpcomponents:httpcore:4.4.16
  org.apache.logging.log4j:log4j-api:2.25.4
  org.apache.logging.log4j:log4j-to-slf4j:2.25.4
  org.apache.santuario:xmlsec:3.0.6
  org.apache.tomcat.embed:tomcat-embed-core:11.0.22
  org.apache.tomcat.embed:tomcat-embed-el:11.0.22
  org.apache.tomcat.embed:tomcat-embed-websocket:11.0.22
  org.apache.velocity:velocity-engine-core:2.4.1
  org.aspectj:aspectjweaver:1.9.25.1
  org.attoparser:attoparser:2.0.7.RELEASE
  org.bitbucket.b_c:jose4j:0.9.4
  org.bouncycastle:bcpkix-jdk18on:1.82
  org.bouncycastle:bcprov-jdk18on:1.82
  org.bouncycastle:bcutil-jdk18on:1.82
  org.cryptacular:cryptacular:1.3.0
  org.hibernate.orm:hibernate-community-dialects:7.4.1.Final
  org.hibernate.orm:hibernate-core:7.4.1.Final
  org.hibernate.validator:hibernate-validator:9.1.0.Final
  org.jasypt:jasypt:1.9.3
  org.jboss.logging:jboss-logging:3.6.3.Final
  org.jetbrains.kotlin:kotlin-reflect:2.3.21
  org.jetbrains.kotlin:kotlin-stdlib-common:1.9.10
  org.jetbrains.kotlin:kotlin-stdlib-jdk7:2.3.21
  org.jetbrains.kotlin:kotlin-stdlib-jdk8:2.3.21
  org.jetbrains.kotlin:kotlin-stdlib:2.3.21
  org.jetbrains:annotations:17.0.0
  org.jodd:jodd-util:6.3.0
  org.jooq.pro:jooq:3.20.8
  org.jspecify:jspecify:1.0.0
  org.objenesis:objenesis:3.3
  org.opensaml:opensaml-core-api:5.2.2
  org.opensaml:opensaml-core-impl:5.2.2
  org.opensaml:opensaml-messaging-api:5.2.2
  org.opensaml:opensaml-profile-api:5.2.2
  org.opensaml:opensaml-saml-api:5.2.2
  org.opensaml:opensaml-saml-impl:5.2.2
  org.opensaml:opensaml-security-api:5.2.2
  org.opensaml:opensaml-security-impl:5.2.2
  org.opensaml:opensaml-soap-api:5.2.2
  org.opensaml:opensaml-soap-impl:5.2.2
  org.opensaml:opensaml-storage-api:5.2.2
  org.opensaml:opensaml-xmlsec-api:5.2.2
  org.opensaml:opensaml-xmlsec-impl:5.2.2
  org.ow2.asm:asm:7.1
  org.owasp.encoder:encoder:1.2.3
  org.projectlombok:lombok:1.18.46 (optional)
  org.reactivestreams:reactive-streams:1.0.4
  org.redisson:redisson-spring-boot-starter:4.6.1
  org.redisson:redisson-spring-data-41:4.6.1
  org.redisson:redisson:4.6.1
  org.slf4j:jul-to-slf4j:2.0.18
  org.slf4j:slf4j-api:2.0.18
  org.springframework.ai:mcp-spring-webmvc:2.0.0
  org.springframework.ai:spring-ai-autoconfigure-mcp-server-common:2.0.0
  org.springframework.ai:spring-ai-autoconfigure-mcp-server-webmvc:2.0.0
  org.springframework.ai:spring-ai-autoconfigure-model-chat-client:2.0.0
  org.springframework.ai:spring-ai-autoconfigure-model-chat-memory:2.0.0
  org.springframework.ai:spring-ai-autoconfigure-model-chat-observation:2.0.0
  org.springframework.ai:spring-ai-autoconfigure-model-embedding-observation:2.0.0
  org.springframework.ai:spring-ai-autoconfigure-model-image-observation:2.0.0
  org.springframework.ai:spring-ai-autoconfigure-model-openai:2.0.0
  org.springframework.ai:spring-ai-autoconfigure-model-tool:2.0.0
  org.springframework.ai:spring-ai-autoconfigure-retry:2.0.0
  org.springframework.ai:spring-ai-client-chat:2.0.0
  org.springframework.ai:spring-ai-commons:2.0.0
  org.springframework.ai:spring-ai-mcp-annotations:2.0.0
  org.springframework.ai:spring-ai-mcp:2.0.0
  org.springframework.ai:spring-ai-model:2.0.0
  org.springframework.ai:spring-ai-openai:2.0.0
  org.springframework.ai:spring-ai-starter-mcp-server-webmvc:2.0.0
  org.springframework.ai:spring-ai-starter-model-openai:2.0.0
  org.springframework.ai:spring-ai-template-st:2.0.0
  org.springframework.amqp:spring-amqp:4.1.0
  org.springframework.amqp:spring-rabbit:4.1.0
  org.springframework.amqp:spring-rabbitmq-client:4.1.0
  org.springframework.boot:spring-boot-actuator-autoconfigure:4.1.0
  org.springframework.boot:spring-boot-actuator:4.1.0
  org.springframework.boot:spring-boot-amqp:4.1.0
  org.springframework.boot:spring-boot-autoconfigure:4.1.0
  org.springframework.boot:spring-boot-configuration-processor:4.1.0 (optional)
  org.springframework.boot:spring-boot-data-commons:4.1.0
  org.springframework.boot:spring-boot-data-jpa:4.1.0
  org.springframework.boot:spring-boot-data-redis:4.1.0
  org.springframework.boot:spring-boot-health:4.1.0
  org.springframework.boot:spring-boot-hibernate:4.1.0
  org.springframework.boot:spring-boot-http-client:4.1.0
  org.springframework.boot:spring-boot-http-codec:4.1.0
  org.springframework.boot:spring-boot-http-converter:4.1.0
  org.springframework.boot:spring-boot-integration:4.1.0
  org.springframework.boot:spring-boot-jackson:4.1.0
  org.springframework.boot:spring-boot-jdbc:4.1.0
  org.springframework.boot:spring-boot-jooq:4.1.0
  org.springframework.boot:spring-boot-jpa:4.1.0
  org.springframework.boot:spring-boot-micrometer-metrics:4.1.0
  org.springframework.boot:spring-boot-micrometer-observation:4.1.0
  org.springframework.boot:spring-boot-persistence:4.1.0
  org.springframework.boot:spring-boot-reactor-netty:4.1.0
  org.springframework.boot:spring-boot-reactor:4.1.0
  org.springframework.boot:spring-boot-restclient:4.1.0
  org.springframework.boot:spring-boot-security-oauth2-client:4.1.0
  org.springframework.boot:spring-boot-security:4.1.0
  org.springframework.boot:spring-boot-servlet:4.1.0
  org.springframework.boot:spring-boot-sql:4.1.0
  org.springframework.boot:spring-boot-starter-actuator:4.1.0
  org.springframework.boot:spring-boot-starter-amqp:4.1.0
  org.springframework.boot:spring-boot-starter-data-jpa:4.1.0
  org.springframework.boot:spring-boot-starter-data-redis:4.1.0
  org.springframework.boot:spring-boot-starter-jackson:4.1.0
  org.springframework.boot:spring-boot-starter-jdbc:4.1.0
  org.springframework.boot:spring-boot-starter-jooq:4.1.0
  org.springframework.boot:spring-boot-starter-logging:4.1.0
  org.springframework.boot:spring-boot-starter-micrometer-metrics:4.1.0
  org.springframework.boot:spring-boot-starter-oauth2-client:4.1.0
  org.springframework.boot:spring-boot-starter-reactor-netty:4.1.0
  org.springframework.boot:spring-boot-starter-restclient:4.1.0
  org.springframework.boot:spring-boot-starter-security:4.1.0
  org.springframework.boot:spring-boot-starter-thymeleaf:4.1.0
  org.springframework.boot:spring-boot-starter-tomcat-runtime:4.1.0
  org.springframework.boot:spring-boot-starter-tomcat:4.1.0
  org.springframework.boot:spring-boot-starter-validation:4.1.0
  org.springframework.boot:spring-boot-starter-web:4.1.0
  org.springframework.boot:spring-boot-starter-webclient:4.1.0
  org.springframework.boot:spring-boot-starter-webflux:4.1.0
  org.springframework.boot:spring-boot-starter:4.1.0
  org.springframework.boot:spring-boot-thymeleaf:4.1.0
  org.springframework.boot:spring-boot-tomcat:4.1.0
  org.springframework.boot:spring-boot-transaction:4.1.0
  org.springframework.boot:spring-boot-validation:4.1.0
  org.springframework.boot:spring-boot-web-server:4.1.0
  org.springframework.boot:spring-boot-webclient:4.1.0
  org.springframework.boot:spring-boot-webflux:4.1.0
  org.springframework.boot:spring-boot-webmvc:4.1.0
  org.springframework.boot:spring-boot:4.1.0
  org.springframework.cloud:spring-cloud-circuitbreaker-resilience4j:5.0.2
  org.springframework.cloud:spring-cloud-commons:5.0.2
  org.springframework.cloud:spring-cloud-context:5.0.2
  org.springframework.cloud:spring-cloud-function-context:5.0.3
  org.springframework.cloud:spring-cloud-function-core:5.0.3
  org.springframework.cloud:spring-cloud-openfeign-core:5.0.2
  org.springframework.cloud:spring-cloud-starter-circuitbreaker-resilience4j:5.0.2
  org.springframework.cloud:spring-cloud-starter-openfeign:5.0.2
  org.springframework.cloud:spring-cloud-starter-stream-rabbit:5.0.2
  org.springframework.cloud:spring-cloud-starter:5.0.2
  org.springframework.cloud:spring-cloud-stream-binder-rabbit-core:5.0.2
  org.springframework.cloud:spring-cloud-stream-binder-rabbit:5.0.2
  org.springframework.cloud:spring-cloud-stream:5.0.2
  org.springframework.data:spring-data-commons:4.1.0
  org.springframework.data:spring-data-jpa:4.1.0
  org.springframework.data:spring-data-keyvalue:4.1.0
  org.springframework.data:spring-data-redis:4.1.0
  org.springframework.integration:spring-integration-amqp:7.1.0
  org.springframework.integration:spring-integration-core:7.1.0
  org.springframework.integration:spring-integration-jmx:7.1.0
  org.springframework.retry:spring-retry:2.0.12
  org.springframework.security:spring-security-config:7.1.0
  org.springframework.security:spring-security-core:7.1.0
  org.springframework.security:spring-security-crypto:7.1.0
  org.springframework.security:spring-security-oauth2-authorization-server:7.1.0
  org.springframework.security:spring-security-oauth2-client:7.1.0
  org.springframework.security:spring-security-oauth2-core:7.1.0
  org.springframework.security:spring-security-oauth2-jose:7.1.0
  org.springframework.security:spring-security-oauth2-resource-server:7.1.0
  org.springframework.security:spring-security-saml2-service-provider:7.1.0
  org.springframework.security:spring-security-web:7.1.0
  org.springframework:spring-aop:7.0.8
  org.springframework:spring-aspects:7.0.8
  org.springframework:spring-beans:7.0.8
  org.springframework:spring-context-support:7.0.8
  org.springframework:spring-context:7.0.8
  org.springframework:spring-core:7.0.8
  org.springframework:spring-expression:7.0.8
  org.springframework:spring-jdbc:7.0.8
  org.springframework:spring-messaging:7.0.8
  org.springframework:spring-orm:7.0.8
  org.springframework:spring-oxm:7.0.8
  org.springframework:spring-tx:7.0.8
  org.springframework:spring-web:7.0.8
  org.springframework:spring-webflux:7.0.8
  org.springframework:spring-webmvc:7.0.8
  org.threeten:threetenbp:1.7.0
  org.thymeleaf:thymeleaf-spring6:3.1.5.RELEASE
  org.thymeleaf:thymeleaf:3.1.5.RELEASE
  org.unbescape:unbescape:1.1.6.RELEASE
  org.yaml:snakeyaml:2.6
  tools.jackson.core:jackson-core:3.1.4
  tools.jackson.core:jackson-databind:3.1.4
  tools.jackson.dataformat:jackson-dataformat-csv:3.1.4
  tools.jackson.datatype:jackson-datatype-joda:3.1.4
provided (2):
  io.smallrye:jandex:3.3.2 (optional)
  org.hibernate.orm:hibernate-processor:7.4.1.Final (optional)
runtime (39):
  com.fasterxml.jackson.module:jackson-module-kotlin:2.21.4
  com.microsoft.kiota:microsoft-kiota-http-okHttp:1.7.0
  com.microsoft.kiota:microsoft-kiota-serialization-form:1.7.0
  com.microsoft.kiota:microsoft-kiota-serialization-json:1.7.0
  com.microsoft.kiota:microsoft-kiota-serialization-multipart:1.7.0
  com.microsoft.kiota:microsoft-kiota-serialization-text:1.7.0
  com.mysql:mysql-connector-j:9.7.0
  com.sun.istack:istack-commons-runtime:4.1.2
  io.github.resilience4j:resilience4j-circularbuffer:2.3.0
  io.github.std-uritemplate:std-uritemplate:2.0.0
  io.grpc:grpc-api:1.71.0
  io.netty:netty-codec-native-quic:linux-aarch_64:4.2.15.Final
  io.netty:netty-codec-native-quic:linux-x86_64:4.2.15.Final
  io.netty:netty-codec-native-quic:osx-aarch_64:4.2.15.Final
  io.netty:netty-codec-native-quic:osx-x86_64:4.2.15.Final
  io.netty:netty-codec-native-quic:windows-x86_64:4.2.15.Final
  io.netty:netty-resolver-dns-classes-macos:4.2.15.Final
  io.netty:netty-resolver-dns-native-macos:osx-x86_64:4.2.15.Final
  io.netty:netty-tcnative-boringssl-static:linux-aarch_64:2.0.77.Final
  io.netty:netty-tcnative-boringssl-static:linux-x86_64:2.0.77.Final
  io.netty:netty-tcnative-boringssl-static:osx-aarch_64:2.0.77.Final
  io.netty:netty-tcnative-boringssl-static:osx-x86_64:2.0.77.Final
  io.netty:netty-tcnative-boringssl-static:windows-x86_64:2.0.77.Final
  io.netty:netty-transport-classes-epoll:4.2.15.Final
  io.netty:netty-transport-classes-kqueue:4.2.15.Final
  io.netty:netty-transport-native-epoll:linux-x86_64:4.2.15.Final
  io.netty:netty-transport-native-kqueue:osx-x86_64:4.2.15.Final
  io.opentelemetry:opentelemetry-api:1.47.0
  io.opentelemetry:opentelemetry-common:1.62.0
  io.opentelemetry:opentelemetry-context:1.62.0
  jakarta.inject:jakarta.inject-api:2.0.1
  org.eclipse.angus:angus-activation:2.0.3
  org.glassfish.jaxb:jaxb-core:4.0.9
  org.glassfish.jaxb:jaxb-runtime:4.0.9
  org.glassfish.jaxb:txw2:4.0.9
  org.hdrhistogram:HdrHistogram:2.2.2
  org.hibernate.models:hibernate-models:1.1.1
  org.postgresql:postgresql:42.7.11
  org.springframework.boot:spring-boot-netty:4.1.0
test (107):
  cglib:cglib:3.3.0
  com.github.docker-java:docker-java-api:3.7.1
  com.github.docker-java:docker-java-transport-zerodep:3.7.1
  com.github.docker-java:docker-java-transport:3.7.1
  com.github.jknack:handlebars:4.5.1
  com.ibm.icu:icu4j:4.6
  com.jayway.jsonpath:json-path:2.10.0
  com.opencsv:opencsv:5.12.0
  com.playtika.testcontainers:embedded-redis:3.1.11
  com.playtika.testcontainers:embedded-toxiproxy:3.1.11
  com.playtika.testcontainers:testcontainers-common:3.1.11
  com.rackspace.eclipse.webtools.sourceediting:org.eclipse.wst.xml.xpath2.processor:2.1.100
  com.toomuchcoding.jsonassert:jsonassert:0.8.0
  com.vaadin.external.google:android-json:0.0.20131108.vaadin1
  dk.brics:automaton:1.12-4
  edu.princeton.cup:java-cup:10k
  eu.rekawek.toxiproxy:toxiproxy-java:2.1.7
  io.rest-assured:json-path:5.5.7
  io.rest-assured:rest-assured-common:5.5.7
  io.rest-assured:rest-assured:5.5.7
  io.rest-assured:spring-commons:6.0.0
  io.rest-assured:spring-mock-mvc:6.0.0
  io.rest-assured:xml-path:5.5.7
  javax.inject:javax.inject:1
  javax.xml.bind:jaxb-api:2.3.1
  net.bytebuddy:byte-buddy-agent:1.18.10
  net.javacrumbs.json-unit:json-unit-assertj:5.1.2
  net.javacrumbs.json-unit:json-unit-core:5.1.2
  net.javacrumbs.json-unit:json-unit-json-path:5.1.2
  org.apache.groovy:groovy-json:5.0.6
  org.apache.groovy:groovy-nio:5.0.6
  org.apache.groovy:groovy-xml:5.0.6
  org.apache.groovy:groovy:5.0.6
  org.apache.httpcomponents:httpmime:4.5.13
  org.apache.maven.resolver:maven-resolver-api:1.9.27
  org.apache.maven.resolver:maven-resolver-connector-basic:1.9.27
  org.apache.maven.resolver:maven-resolver-impl:1.9.27
  org.apache.maven.resolver:maven-resolver-named-locks:1.9.27
  org.apache.maven.resolver:maven-resolver-spi:1.9.27
  org.apache.maven.resolver:maven-resolver-transport-http:1.9.27
  org.apache.maven.resolver:maven-resolver-util:1.9.27
  org.apache.maven:maven-artifact:3.9.16
  org.apache.maven:maven-builder-support:3.9.16
  org.apache.maven:maven-model-builder:3.9.16
  org.apache.maven:maven-model:3.9.16
  org.apache.maven:maven-repository-metadata:3.9.16
  org.apache.maven:maven-resolver-provider:3.9.16
  org.apiguardian:apiguardian-api:1.1.2
  org.assertj:assertj-core:3.27.7
  org.awaitility:awaitility:4.3.0
  org.ccil.cowan.tagsoup:tagsoup:1.2.1
  org.codehaus.plexus:plexus-interpolation:1.29
  org.codehaus.plexus:plexus-utils:3.6.1
  org.eclipse.sisu:org.eclipse.sisu.inject:1.0.0
  org.hamcrest:hamcrest-core:3.0
  org.hamcrest:hamcrest-library:3.0
  org.hamcrest:hamcrest:3.0
  org.junit.jupiter:junit-jupiter-api:6.0.3
  org.junit.jupiter:junit-jupiter-engine:6.0.3
  org.junit.jupiter:junit-jupiter-params:6.0.3
  org.junit.jupiter:junit-jupiter:6.0.3
  org.junit.platform:junit-platform-commons:6.0.3
  org.junit.platform:junit-platform-engine:6.0.3
  org.liquibase:liquibase-core:5.0.3
  org.mockito:mockito-core:5.23.0
  org.mockito:mockito-junit-jupiter:5.23.0
  org.openjdk.nashorn:nashorn-core:15.4
  org.opentest4j:opentest4j:1.3.0
  org.ow2.asm:asm-analysis:7.3.1
  org.ow2.asm:asm-commons:7.3.1
  org.ow2.asm:asm-tree:7.3.1
  org.ow2.asm:asm-util:7.3.1
  org.rnorth.duct-tape:duct-tape:1.0.8
  org.skyscreamer:jsonassert:1.5.3
  org.snakeyaml:snakeyaml-engine:3.0.1
  org.springframework.boot:spring-boot-resttestclient:4.1.0
  org.springframework.boot:spring-boot-starter-jackson-test:4.1.0
  org.springframework.boot:spring-boot-starter-test:4.1.0
  org.springframework.boot:spring-boot-starter-webmvc-test:4.1.0
  org.springframework.boot:spring-boot-starter-webmvc:4.1.0
  org.springframework.boot:spring-boot-test-autoconfigure:4.1.0
  org.springframework.boot:spring-boot-test:4.1.0
  org.springframework.boot:spring-boot-webmvc-test:4.1.0
  org.springframework.cloud:spring-cloud-contract-spec-groovy:5.0.3
  org.springframework.cloud:spring-cloud-contract-spec-java:5.0.3
  org.springframework.cloud:spring-cloud-contract-spec:5.0.3
  org.springframework.cloud:spring-cloud-contract-verifier:5.0.3
  org.springframework.cloud:spring-cloud-contract-wiremock:5.0.3
  org.springframework.cloud:spring-cloud-starter-bootstrap:5.0.2
  org.springframework.cloud:spring-cloud-starter-contract-verifier:5.0.3
  org.springframework.cloud:spring-cloud-stream-test-binder:5.0.2
  org.springframework.cloud:spring-cloud-stream-test-support:5.0.2
  org.springframework.cloud:spring-cloud-test-support:5.0.2
  org.springframework.integration:spring-integration-test-support:7.1.0
  org.springframework.integration:spring-integration-test:7.1.0
  org.springframework.security:spring-security-test:7.1.0
  org.springframework:spring-test:7.0.8
  org.testcontainers:testcontainers-database-commons:2.0.5
  org.testcontainers:testcontainers-jdbc:2.0.5
  org.testcontainers:testcontainers-junit-jupiter:2.0.5
  org.testcontainers:testcontainers-postgresql:2.0.5
  org.testcontainers:testcontainers-rabbitmq:2.0.5
  org.testcontainers:testcontainers:2.0.5
  org.testcontainers:toxiproxy:1.19.8
  org.wiremock:wiremock-standalone:3.13.2
  org.xmlunit:xmlunit-core:2.11.0
  tools.jackson.dataformat:jackson-dataformat-yaml:3.1.4
