---
source: src/cmds/jvm/mvn_cmd.rs
expression: output
---
mvn clean verify (multi-goal)
mvn: ok
mvn verify: 68 run, 1 failed (?)
Tests run: 68, Failures: 1, Errors: 0, Skipped: 0

Failures:
1. com.example.app.UserProvisioningIT.shouldProvisionUser <<< FAILURE!
   AssertionFailedError: expected: <201> but was: <500>
   at com.example.app.UserProvisioningIT.shouldProvisionUser(UserProvisioningIT.java:88)
Reactor Summary for app-parent 1.0.0-SNAPSHOT:
core ............................................... SUCCESS [  6.123 s]
app ................................................ FAILURE [ 41.108 s]
BUILD FAILURE
Total time: 47.231 s
